------------------------------------------------------------
Timing Analyzer Summary
------------------------------------------------------------

Type  : Slow 1200mV 85C Model Setup 'CLOCK_50'
Slack : 14.255
TNS   : 0.000

Type  : Slow 1200mV 85C Model Setup 'pll_clock|altpll_component|auto_generated|pll1|clk[0]'
Slack : 16.129
TNS   : 0.000

Type  : Slow 1200mV 85C Model Hold 'CLOCK_50'
Slack : 0.357
TNS   : 0.000

Type  : Slow 1200mV 85C Model Hold 'pll_clock|altpll_component|auto_generated|pll1|clk[0]'
Slack : 0.395
TNS   : 0.000

Type  : Slow 1200mV 85C Model Minimum Pulse Width 'CLOCK_50'
Slack : 9.593
TNS   : 0.000

Type  : Slow 1200mV 85C Model Minimum Pulse Width 'pll_clock|altpll_component|auto_generated|pll1|clk[0]'
Slack : 249999.747
TNS   : 0.000

Type  : Slow 1200mV 0C Model Setup 'CLOCK_50'
Slack : 14.839
TNS   : 0.000

Type  : Slow 1200mV 0C Model Setup 'pll_clock|altpll_component|auto_generated|pll1|clk[0]'
Slack : 16.556
TNS   : 0.000

Type  : Slow 1200mV 0C Model Hold 'CLOCK_50'
Slack : 0.312
TNS   : 0.000

Type  : Slow 1200mV 0C Model Hold 'pll_clock|altpll_component|auto_generated|pll1|clk[0]'
Slack : 0.359
TNS   : 0.000

Type  : Slow 1200mV 0C Model Minimum Pulse Width 'CLOCK_50'
Slack : 9.593
TNS   : 0.000

Type  : Slow 1200mV 0C Model Minimum Pulse Width 'pll_clock|altpll_component|auto_generated|pll1|clk[0]'
Slack : 249999.744
TNS   : 0.000

Type  : Fast 1200mV 0C Model Setup 'CLOCK_50'
Slack : 16.602
TNS   : 0.000

Type  : Fast 1200mV 0C Model Setup 'pll_clock|altpll_component|auto_generated|pll1|clk[0]'
Slack : 17.699
TNS   : 0.000

Type  : Fast 1200mV 0C Model Hold 'CLOCK_50'
Slack : 0.186
TNS   : 0.000

Type  : Fast 1200mV 0C Model Hold 'pll_clock|altpll_component|auto_generated|pll1|clk[0]'
Slack : 0.208
TNS   : 0.000

Type  : Fast 1200mV 0C Model Minimum Pulse Width 'CLOCK_50'
Slack : 9.270
TNS   : 0.000

Type  : Fast 1200mV 0C Model Minimum Pulse Width 'pll_clock|altpll_component|auto_generated|pll1|clk[0]'
Slack : 249999.781
TNS   : 0.000

------------------------------------------------------------
