------------------------------------------------------------
Timing Analyzer Summary
------------------------------------------------------------

Type  : Slow 1200mV 85C Model Setup 'CLOCK_50'
Slack : 13.250
TNS   : 0.000

Type  : Slow 1200mV 85C Model Setup 'pll_clock|altpll_component|auto_generated|pll1|clk[0]'
Slack : 16.034
TNS   : 0.000

Type  : Slow 1200mV 85C Model Hold 'CLOCK_50'
Slack : 0.357
TNS   : 0.000

Type  : Slow 1200mV 85C Model Hold 'pll_clock|altpll_component|auto_generated|pll1|clk[0]'
Slack : 1.042
TNS   : 0.000

Type  : Slow 1200mV 85C Model Minimum Pulse Width 'CLOCK_50'
Slack : 9.569
TNS   : 0.000

Type  : Slow 1200mV 85C Model Minimum Pulse Width 'pll_clock|altpll_component|auto_generated|pll1|clk[0]'
Slack : 249999.746
TNS   : 0.000

Type  : Slow 1200mV 0C Model Setup 'CLOCK_50'
Slack : 13.947
TNS   : 0.000

Type  : Slow 1200mV 0C Model Setup 'pll_clock|altpll_component|auto_generated|pll1|clk[0]'
Slack : 16.504
TNS   : 0.000

Type  : Slow 1200mV 0C Model Hold 'CLOCK_50'
Slack : 0.311
TNS   : 0.000

Type  : Slow 1200mV 0C Model Hold 'pll_clock|altpll_component|auto_generated|pll1|clk[0]'
Slack : 0.960
TNS   : 0.000

Type  : Slow 1200mV 0C Model Minimum Pulse Width 'CLOCK_50'
Slack : 9.563
TNS   : 0.000

Type  : Slow 1200mV 0C Model Minimum Pulse Width 'pll_clock|altpll_component|auto_generated|pll1|clk[0]'
Slack : 249999.743
TNS   : 0.000

Type  : Fast 1200mV 0C Model Setup 'CLOCK_50'
Slack : 16.078
TNS   : 0.000

Type  : Fast 1200mV 0C Model Setup 'pll_clock|altpll_component|auto_generated|pll1|clk[0]'
Slack : 17.641
TNS   : 0.000

Type  : Fast 1200mV 0C Model Hold 'CLOCK_50'
Slack : 0.186
TNS   : 0.000

Type  : Fast 1200mV 0C Model Hold 'pll_clock|altpll_component|auto_generated|pll1|clk[0]'
Slack : 0.541
TNS   : 0.000

Type  : Fast 1200mV 0C Model Minimum Pulse Width 'CLOCK_50'
Slack : 9.271
TNS   : 0.000

Type  : Fast 1200mV 0C Model Minimum Pulse Width 'pll_clock|altpll_component|auto_generated|pll1|clk[0]'
Slack : 249999.782
TNS   : 0.000

------------------------------------------------------------
