------------------------------------------------------------
Timing Analyzer Summary
------------------------------------------------------------

Type  : Slow 1200mV 85C Model Setup 'CLOCK_50'
Slack : 14.300
TNS   : 0.000

Type  : Slow 1200mV 85C Model Setup 'pll_clock|altpll_component|auto_generated|pll1|clk[0]'
Slack : 15.920
TNS   : 0.000

Type  : Slow 1200mV 85C Model Hold 'CLOCK_50'
Slack : 0.357
TNS   : 0.000

Type  : Slow 1200mV 85C Model Hold 'pll_clock|altpll_component|auto_generated|pll1|clk[0]'
Slack : 0.393
TNS   : 0.000

Type  : Slow 1200mV 85C Model Minimum Pulse Width 'CLOCK_50'
Slack : 9.592
TNS   : 0.000

Type  : Slow 1200mV 85C Model Minimum Pulse Width 'pll_clock|altpll_component|auto_generated|pll1|clk[0]'
Slack : 249999.747
TNS   : 0.000

Type  : Slow 1200mV 0C Model Setup 'CLOCK_50'
Slack : 14.876
TNS   : 0.000

Type  : Slow 1200mV 0C Model Setup 'pll_clock|altpll_component|auto_generated|pll1|clk[0]'
Slack : 16.392
TNS   : 0.000

Type  : Slow 1200mV 0C Model Hold 'CLOCK_50'
Slack : 0.312
TNS   : 0.000

Type  : Slow 1200mV 0C Model Hold 'pll_clock|altpll_component|auto_generated|pll1|clk[0]'
Slack : 0.357
TNS   : 0.000

Type  : Slow 1200mV 0C Model Minimum Pulse Width 'CLOCK_50'
Slack : 9.595
TNS   : 0.000

Type  : Slow 1200mV 0C Model Minimum Pulse Width 'pll_clock|altpll_component|auto_generated|pll1|clk[0]'
Slack : 249999.743
TNS   : 0.000

Type  : Fast 1200mV 0C Model Setup 'CLOCK_50'
Slack : 16.681
TNS   : 0.000

Type  : Fast 1200mV 0C Model Setup 'pll_clock|altpll_component|auto_generated|pll1|clk[0]'
Slack : 17.555
TNS   : 0.000

Type  : Fast 1200mV 0C Model Hold 'CLOCK_50'
Slack : 0.165
TNS   : 0.000

Type  : Fast 1200mV 0C Model Hold 'pll_clock|altpll_component|auto_generated|pll1|clk[0]'
Slack : 0.205
TNS   : 0.000

Type  : Fast 1200mV 0C Model Minimum Pulse Width 'CLOCK_50'
Slack : 9.270
TNS   : 0.000

Type  : Fast 1200mV 0C Model Minimum Pulse Width 'pll_clock|altpll_component|auto_generated|pll1|clk[0]'
Slack : 249999.782
TNS   : 0.000

------------------------------------------------------------
